// Jest Snapshot v1, https://goo.gl/fbAQLP

exports[`renders DeckList correctly 1`] = `
<ActivityIndicator
  animating={true}
  color="#999999"
  hidesWhenStopped={true}
  size="small"
  style={
    Object {
      "marginTop": 30,
    }
  }
/>
`;
