// Jest Snapshot v1, https://goo.gl/fbAQLP

exports[`renders Quiz correctly 1`] = `
<View
  collapsable={undefined}
  style={
    Object {
      "backgroundColor": "#FFFFFF",
      "flex": 1,
      "margin": 20,
      "opacity": 1,
      "padding": 20,
      "shadowColor": "rgba(0, 0, 0, 0.24)",
      "shadowOffset": Object {
        "height": 3,
        "width": 0,
      },
      "shadowOpacity": 0.8,
      "shadowRadius": 3,
      "transform": Array [
        Object {
          "rotateY": "0deg",
        },
        Object {
          "translateX": 0,
        },
      ],
    }
  }
>
  <View
    style={
      Object {
        "flex": 1,
      }
    }
  >
    <View>
      <Text
        accessible={true}
        allowFontScaling={true}
        ellipsizeMode="tail"
      >
        1 / 2
      </Text>
    </View>
    <View
      style={
        Object {
          "alignItems": "center",
          "flex": 1,
          "justifyContent": "center",
        }
      }
    >
      <Text
        accessible={true}
        allowFontScaling={true}
        ellipsizeMode="tail"
        style={
          Object {
            "fontSize": 32,
            "marginBottom": 10,
            "textAlign": "center",
          }
        }
      >
        What is React?
      </Text>
      <View
        accessibilityComponentType="button"
        accessibilityLabel={undefined}
        accessibilityTraits={
          Array [
            "button",
          ]
        }
        accessible={true}
        collapsable={undefined}
        hasTVPreferredFocus={undefined}
        hitSlop={undefined}
        isTVSelectable={true}
        nativeID={undefined}
        onLayout={undefined}
        onResponderGrant={[Function]}
        onResponderMove={[Function]}
        onResponderRelease={[Function]}
        onResponderTerminate={[Function]}
        onResponderTerminationRequest={[Function]}
        onStartShouldSetResponder={[Function]}
        style={
          Object {
            "opacity": 1,
          }
        }
        testID={undefined}
        tvParallaxProperties={undefined}
      >
        <View
          style={
            Array [
              Object {},
            ]
          }
        >
          <Text
            accessible={true}
            allowFontScaling={true}
            disabled={undefined}
            ellipsizeMode="tail"
            style={
              Array [
                Object {
                  "color": "#007AFF",
                  "fontSize": 18,
                  "padding": 8,
                  "textAlign": "center",
                },
              ]
            }
          >
            View Answer
          </Text>
        </View>
      </View>
    </View>
  </View>
</View>
`;
